// Jest Snapshot v1, https://goo.gl/fbAQLP

exports[`Counter.vue matches snapshot 1`] = `<div><span class="result">0</span> <button>Count</button></div>`;
